[2026-08-18 17:17:52,207] [WARNING] [-] [-] [settings] [settings.py._resolve_app_env] [anonymous] 未显式指定 APP_ENV，使用默认 dev（规范 §19.3 生产环境必须显式指定）
[2026-08-18 17:17:52,234] [WARNING] [-] [-] [settings] [settings.py._resolve_app_env] [anonymous] 未显式指定 APP_ENV，使用默认 dev（规范 §19.3 生产环境必须显式指定）
[2026-08-18 17:17:52,268] [WARNING] [-] [-] [settings] [settings.py._resolve_app_env] [anonymous] 未显式指定 APP_ENV，使用默认 dev（规范 §19.3 生产环境必须显式指定）
[2026-08-18 17:17:52,288] [INFO] [-] [-] [_client] [_client.py._send_single_request] [anonymous] HTTP Request: GET http://test/health/live "HTTP/1.1 200 OK"
[2026-08-18 17:17:52,313] [WARNING] [-] [-] [settings] [settings.py._resolve_app_env] [anonymous] 未显式指定 APP_ENV，使用默认 dev（规范 §19.3 生产环境必须显式指定）
[2026-08-18 17:17:52,598] [INFO] [19f789226d0b442382c5838d552f7c8a] [-] [_client] [_client.py._send_single_request] [anonymous] HTTP Request: GET http://127.0.0.1:8001/v1/users/1 "HTTP/1.1 200 OK"
[2026-08-18 17:17:52,599] [INFO] [-] [-] [_client] [_client.py._send_single_request] [anonymous] HTTP Request: GET http://test/api/users/1 "HTTP/1.1 200 OK"
[2026-08-18 17:17:52,621] [WARNING] [-] [-] [settings] [settings.py._resolve_app_env] [anonymous] 未显式指定 APP_ENV，使用默认 dev（规范 §19.3 生产环境必须显式指定）
[2026-08-18 17:17:52,657] [INFO] [c886416f46724d5fa18d8388cc15ed30] [-] [_client] [_client.py._send_single_request] [anonymous] HTTP Request: POST http://127.0.0.1:8002/v1/orders "HTTP/1.1 201 Created"
[2026-08-18 17:17:52,657] [INFO] [-] [-] [_client] [_client.py._send_single_request] [anonymous] HTTP Request: POST http://test/api/orders "HTTP/1.1 201 Created"
[2026-08-18 17:17:52,677] [WARNING] [-] [-] [settings] [settings.py._resolve_app_env] [anonymous] 未显式指定 APP_ENV，使用默认 dev（规范 §19.3 生产环境必须显式指定）
[2026-08-18 17:17:52,712] [INFO] [9cf6badd94224f0d929f4328fd1c6883] [-] [_client] [_client.py._send_single_request] [anonymous] HTTP Request: GET http://127.0.0.1:8001/v1/users?page_no=2&page_size=5 "HTTP/1.1 200 OK"
[2026-08-18 17:17:52,713] [INFO] [-] [-] [_client] [_client.py._send_single_request] [anonymous] HTTP Request: GET http://test/api/users?page_no=2&page_size=5 "HTTP/1.1 200 OK"
[2026-08-18 17:17:52,735] [WARNING] [-] [-] [settings] [settings.py._resolve_app_env] [anonymous] 未显式指定 APP_ENV，使用默认 dev（规范 §19.3 生产环境必须显式指定）
[2026-08-18 17:17:52,768] [INFO] [9f6e60290f064d8693b5078ee11db697] [-] [_client] [_client.py._send_single_request] [anonymous] HTTP Request: PATCH http://127.0.0.1:8001/v1/users/1/status "HTTP/1.1 200 OK"
[2026-08-18 17:17:52,769] [INFO] [-] [-] [_client] [_client.py._send_single_request] [anonymous] HTTP Request: PATCH http://test/api/users/1/status "HTTP/1.1 200 OK"
[2026-08-18 17:17:52,793] [WARNING] [-] [-] [settings] [settings.py._resolve_app_env] [anonymous] 未显式指定 APP_ENV，使用默认 dev（规范 §19.3 生产环境必须显式指定）
[2026-08-18 17:17:52,829] [WARNING] [cc97205684a14430a9416e1e803ffc57] [-] [handler] [handler.py.handle_web_infra_exception] [anonymous] 业务异常 | code=E4-COMMON-000 | message=未找到服务路由：unknown
[2026-08-18 17:17:52,832] [INFO] [-] [-] [_client] [_client.py._send_single_request] [anonymous] HTTP Request: GET http://test/api/unknown/1 "HTTP/1.1 404 Not Found"
[2026-08-18 17:17:52,911] [WARNING] [-] [-] [settings] [settings.py._resolve_app_env] [anonymous] 未显式指定 APP_ENV，使用默认 dev（规范 §19.3 生产环境必须显式指定）
[2026-08-18 17:17:52,941] [WARNING] [-] [-] [settings] [settings.py._resolve_app_env] [anonymous] 未显式指定 APP_ENV，使用默认 dev（规范 §19.3 生产环境必须显式指定）
[2026-08-18 17:17:52,971] [WARNING] [-] [-] [settings] [settings.py._resolve_app_env] [anonymous] 未显式指定 APP_ENV，使用默认 dev（规范 §19.3 生产环境必须显式指定）
[2026-08-18 17:17:52,999] [WARNING] [-] [-] [settings] [settings.py._resolve_app_env] [anonymous] 未显式指定 APP_ENV，使用默认 dev（规范 §19.3 生产环境必须显式指定）
[2026-08-18 17:17:53,014] [INFO] [-] [-] [_client] [_client.py._send_single_request] [anonymous] HTTP Request: GET http://test/health/live "HTTP/1.1 200 OK"
[2026-08-18 17:17:53,340] [INFO] [-] [-] [user_service] [user_service.py.create_user] [anonymous] user_created user_id=1 username=alice
[2026-08-18 17:17:53,855] [INFO] [-] [-] [user_service] [user_service.py.create_user] [anonymous] user_created user_id=1 username=alice
[2026-08-18 17:17:54,379] [INFO] [-] [-] [user_service] [user_service.py.create_user] [anonymous] user_created user_id=1 username=bob
[2026-08-18 17:17:54,893] [INFO] [-] [-] [user_service] [user_service.py.create_user] [anonymous] user_created user_id=1 username=carol
[2026-08-18 17:17:55,473] [INFO] [-] [-] [user_service] [user_service.py.create_user] [anonymous] user_created user_id=1 username=dave
[2026-08-18 17:17:55,761] [WARNING] [-] [-] [settings] [settings.py._resolve_app_env] [anonymous] 未显式指定 APP_ENV，使用默认 dev（规范 §19.3 生产环境必须显式指定）
[2026-08-18 17:17:56,031] [INFO] [f6defbbca215422d8e3727b6afd6a03e] [-] [user_service] [user_service.py.create_user] [anonymous] user_created user_id=1 username=erin
[2026-08-18 17:17:56,034] [INFO] [-] [-] [_client] [_client.py._send_single_request] [anonymous] HTTP Request: POST http://test/v1/users "HTTP/1.1 200 OK"
[2026-08-18 17:17:56,302] [INFO] [-] [-] [_client] [_client.py._send_single_request] [anonymous] HTTP Request: POST http://test/v1/auth/token "HTTP/1.1 200 OK"
[2026-08-18 17:17:56,327] [WARNING] [-] [-] [settings] [settings.py._resolve_app_env] [anonymous] 未显式指定 APP_ENV，使用默认 dev（规范 §19.3 生产环境必须显式指定）
[2026-08-18 17:17:56,592] [INFO] [d6095445365a4cea883e7003eef28c2b] [-] [user_service] [user_service.py.create_user] [anonymous] user_created user_id=1 username=frank
[2026-08-18 17:17:56,592] [INFO] [-] [-] [_client] [_client.py._send_single_request] [anonymous] HTTP Request: POST http://test/v1/users "HTTP/1.1 200 OK"
[2026-08-18 17:17:56,859] [INFO] [280e87c0fa8240b1b8a2ad1a843ac02b] [-] [handler] [handler.py.handle_web_infra_exception] [anonymous] 业务异常 | code=E2-AUTH-002 | message=用户名或密码错误
[2026-08-18 17:17:56,860] [INFO] [-] [-] [_client] [_client.py._send_single_request] [anonymous] HTTP Request: POST http://test/v1/auth/token "HTTP/1.1 401 Unauthorized"
[2026-08-18 17:17:57,980] [WARNING] [-] [-] [settings] [settings.py._resolve_app_env] [anonymous] 未显式指定 APP_ENV，使用默认 dev（规范 §19.3 生产环境必须显式指定）
[2026-08-18 17:17:58,276] [INFO] [-] [-] [_client] [_client.py._send_single_request] [anonymous] HTTP Request: GET http://test/v1/social/demo/login?code=demo-api-1&redirect_uri=http%3A%2F%2Flocalhost%3A8001%2Fcb "HTTP/1.1 200 OK"
[2026-08-18 17:17:58,311] [WARNING] [-] [-] [settings] [settings.py._resolve_app_env] [anonymous] 未显式指定 APP_ENV，使用默认 dev（规范 §19.3 生产环境必须显式指定）
[2026-08-18 17:17:58,341] [INFO] [-] [-] [_client] [_client.py._send_single_request] [anonymous] HTTP Request: GET http://test/v1/social/demo/authorize-url?redirect_uri=http%3A%2F%2Flocalhost%3A8001%2Fcb&state=st "HTTP/1.1 200 OK"
[2026-08-18 17:17:58,644] [INFO] [-] [-] [user_service] [user_service.py.create_user] [anonymous] user_created user_id=1 username=alice
[2026-08-18 17:17:59,210] [INFO] [-] [-] [user_service] [user_service.py.create_user] [anonymous] user_created user_id=1 username=alice
[2026-08-18 17:17:59,488] [INFO] [-] [-] [user_service] [user_service.py.create_user] [anonymous] user_created user_id=1 username=bob
[2026-08-18 17:17:59,491] [WARNING] [-] [-] [memory_cache_backend] [memory_cache_backend.py.set] [anonymous] 本地缓存 TTL 超限被钳制: key=web:user:v1:info:1 ttl=300s -> 100.0s（分布式 TTL 300s 的 0.3333333333333333，规范 §8.3）
[2026-08-18 17:17:59,769] [INFO] [-] [-] [user_service] [user_service.py.create_user] [anonymous] user_created user_id=1 username=user0
[2026-08-18 17:18:00,033] [INFO] [-] [-] [user_service] [user_service.py.create_user] [anonymous] user_created user_id=2 username=user1
[2026-08-18 17:18:00,298] [INFO] [-] [-] [user_service] [user_service.py.create_user] [anonymous] user_created user_id=3 username=user2
[2026-08-18 17:18:00,581] [INFO] [-] [-] [user_service] [user_service.py.create_user] [anonymous] user_created user_id=4 username=user3
[2026-08-18 17:18:00,857] [INFO] [-] [-] [user_service] [user_service.py.create_user] [anonymous] user_created user_id=5 username=user4
[2026-08-18 17:18:01,146] [INFO] [-] [-] [user_service] [user_service.py.create_user] [anonymous] user_created user_id=1 username=carol
[2026-08-18 17:18:01,148] [INFO] [-] [-] [user_service] [user_service.py.update_status] [anonymous] user_status_updated user_id=1 status=0
[2026-08-18 17:18:01,190] [WARNING] [-] [-] [settings] [settings.py._resolve_app_env] [anonymous] 未显式指定 APP_ENV，使用默认 dev（规范 §19.3 生产环境必须显式指定）
[2026-08-18 17:18:01,500] [INFO] [fccbd122f3c74fe5b8947f999c30e732] [-] [user_service] [user_service.py.create_user] [anonymous] user_created user_id=1 username=dave
[2026-08-18 17:18:01,501] [INFO] [-] [-] [_client] [_client.py._send_single_request] [anonymous] HTTP Request: POST http://test/v1/users "HTTP/1.1 200 OK"
[2026-08-18 17:18:01,538] [WARNING] [-] [-] [settings] [settings.py._resolve_app_env] [anonymous] 未显式指定 APP_ENV，使用默认 dev（规范 §19.3 生产环境必须显式指定）
[2026-08-18 17:18:01,565] [WARNING] [52d31e21d4874d97806a5411d839fd71] [-] [handler] [handler.py.handle_web_infra_exception] [anonymous] 业务异常 | code=E4-COMMON-000 | message=用户不存在
[2026-08-18 17:18:01,566] [INFO] [-] [-] [_client] [_client.py._send_single_request] [anonymous] HTTP Request: GET http://test/v1/users/999 "HTTP/1.1 404 Not Found"
[2026-08-18 17:18:01,661] [WARNING] [-] [-] [settings] [settings.py._resolve_app_env] [anonymous] 未显式指定 APP_ENV，使用默认 dev（规范 §19.3 生产环境必须显式指定）
[2026-08-18 17:18:01,694] [WARNING] [-] [-] [settings] [settings.py._resolve_app_env] [anonymous] 未显式指定 APP_ENV，使用默认 dev（规范 §19.3 生产环境必须显式指定）
[2026-08-18 17:18:01,726] [WARNING] [-] [-] [settings] [settings.py._resolve_app_env] [anonymous] 未显式指定 APP_ENV，使用默认 dev（规范 §19.3 生产环境必须显式指定）
[2026-08-18 17:18:01,753] [WARNING] [-] [-] [settings] [settings.py._resolve_app_env] [anonymous] 未显式指定 APP_ENV，使用默认 dev（规范 §19.3 生产环境必须显式指定）
[2026-08-18 17:18:01,766] [INFO] [-] [-] [_client] [_client.py._send_single_request] [anonymous] HTTP Request: GET http://test/health/live "HTTP/1.1 200 OK"
[2026-08-18 17:18:01,789] [WARNING] [-] [-] [settings] [settings.py._resolve_app_env] [anonymous] 未显式指定 APP_ENV，使用默认 dev（规范 §19.3 生产环境必须显式指定）
[2026-08-18 17:18:01,807] [WARNING] [-] [-] [snowflake_util] [snowflake_util.py._get_snowflake] [anonymous] SNOWFLAKE_WORKER_ID 未配置（默认 0）：多实例部署必须为每个实例配置唯一 worker_id，否则同一毫秒内不同实例可能生成重复雪花 ID
[2026-08-18 17:18:01,812] [INFO] [-] [-] [order_service] [order_service.py.create_order] [anonymous] order_created order_id=1 order_no=20260818171801348032783857221632 user_id=1
[2026-08-18 17:18:01,870] [INFO] [-] [-] [order_service] [order_service.py.create_order] [anonymous] order_created order_id=1 order_no=20260818171801348032784096296960 user_id=1
[2026-08-18 17:18:01,875] [WARNING] [-] [-] [memory_cache_backend] [memory_cache_backend.py.set] [anonymous] 本地缓存 TTL 超限被钳制: key=web:order:v1:info:1 ttl=300s -> 100.0s（分布式 TTL 300s 的 0.3333333333333333，规范 §8.3）
[2026-08-18 17:18:01,919] [INFO] [-] [-] [order_service] [order_service.py.create_order] [anonymous] order_created order_id=1 order_no=20260818171801348032784306012160 user_id=1
[2026-08-18 17:18:01,922] [INFO] [-] [-] [order_service] [order_service.py.create_order] [anonymous] order_created order_id=2 order_no=20260818171801348032784326983680 user_id=1
[2026-08-18 17:18:01,925] [INFO] [-] [-] [order_service] [order_service.py.create_order] [anonymous] order_created order_id=3 order_no=20260818171801348032784339566592 user_id=1
[2026-08-18 17:18:01,929] [INFO] [-] [-] [order_service] [order_service.py.create_order] [anonymous] order_created order_id=4 order_no=20260818171801348032784347955200 user_id=1
[2026-08-18 17:18:01,931] [INFO] [-] [-] [order_service] [order_service.py.create_order] [anonymous] order_created order_id=5 order_no=20260818171801348032784364732416 user_id=1
[2026-08-18 17:18:01,956] [INFO] [-] [-] [order_service] [order_service.py.create_order] [anonymous] order_created order_id=1 order_no=20260818171801348032784465395712 user_id=1
[2026-08-18 17:18:01,959] [INFO] [-] [-] [order_service] [order_service.py.update_status] [anonymous] order_status_updated order_id=1 status=2
[2026-08-18 17:18:01,992] [INFO] [-] [-] [order_event_consumer] [order_event_consumer.py._process] [anonymous] order_event_consumed order_id=10001 order_no=N10001
[2026-08-18 17:18:01,993] [INFO] [-] [-] [idempotent_consumer] [idempotent_consumer.py.consume] [anonymous] message_duplicate_skipped message_id=7960d04bc26a41d0beb3f892cc903723 biz_id=biz-10001
[2026-08-18 17:18:02,121] [INFO] [-] [-] [order_service] [order_service.py.create_order] [anonymous] order_created order_id=1 order_no=20260818171802348032785153261568 user_id=1
[2026-08-18 17:18:02,124] [INFO] [-] [-] [order_event_consumer] [order_event_consumer.py._process] [anonymous] order_event_consumed order_id=1 order_no=20260818171802348032785153261568
[2026-08-18 17:18:02,269] [INFO] [-] [-] [_client] [_client.py._send_single_request] [anonymous] HTTP Request: GET http://127.0.0.1:8001/v1/users/1 "HTTP/1.1 200 OK"
[2026-08-18 17:18:02,269] [INFO] [-] [-] [_client] [_client.py._send_single_request] [anonymous] HTTP Request: GET http://127.0.0.1:8001/v1/users/999 "HTTP/1.1 404 Not Found"
[2026-08-18 17:18:02,379] [WARNING] [-] [-] [settings] [settings.py._resolve_app_env] [anonymous] 未显式指定 APP_ENV，使用默认 dev（规范 §19.3 生产环境必须显式指定）
[2026-08-18 17:18:02,404] [INFO] [92a5e95dddaa4d7abc863d3dc9cdde43] [-] [order_service] [order_service.py.create_order] [anonymous] order_created order_id=1 order_no=20260818171802348032786340249600 user_id=1
[2026-08-18 17:18:02,405] [INFO] [-] [-] [_client] [_client.py._send_single_request] [anonymous] HTTP Request: POST http://test/v1/orders "HTTP/1.1 200 OK"
[2026-08-18 17:18:02,437] [WARNING] [-] [-] [settings] [settings.py._resolve_app_env] [anonymous] 未显式指定 APP_ENV，使用默认 dev（规范 §19.3 生产环境必须显式指定）
[2026-08-18 17:18:02,458] [WARNING] [f27b0b57e0f94bc8b52abce7d59474ef] [-] [handler] [handler.py.handle_web_infra_exception] [anonymous] 业务异常 | code=E4-COMMON-000 | message=用户不存在
[2026-08-18 17:18:02,459] [INFO] [-] [-] [_client] [_client.py._send_single_request] [anonymous] HTTP Request: POST http://test/v1/orders "HTTP/1.1 404 Not Found"
[2026-08-18 17:18:02,490] [WARNING] [-] [-] [settings] [settings.py._resolve_app_env] [anonymous] 未显式指定 APP_ENV，使用默认 dev（规范 §19.3 生产环境必须显式指定）
[2026-08-18 17:18:02,519] [INFO] [0dd9d5ae152d4eb395696d4e013245ff] [-] [order_service] [order_service.py.create_order] [anonymous] order_created order_id=1 order_no=20260818171802348032786818400256 user_id=1
[2026-08-18 17:18:02,520] [INFO] [-] [-] [_client] [_client.py._send_single_request] [anonymous] HTTP Request: POST http://test/v1/orders "HTTP/1.1 200 OK"
[2026-08-18 17:18:02,528] [INFO] [-] [-] [_client] [_client.py._send_single_request] [anonymous] HTTP Request: POST http://test/v1/orders "HTTP/1.1 200 OK"
[2026-08-18 17:18:02,555] [INFO] [-] [-] [order_service] [order_service.py.create_order] [anonymous] order_created order_id=1 order_no=20260818171802348032786973589504 user_id=1
[2026-08-18 17:18:02,596] [INFO] [-] [-] [order_service] [order_service.py.create_order] [anonymous] order_created order_id=1 order_no=20260818171802348032787145555968 user_id=1
[2026-08-18 17:18:02,620] [INFO] [-] [-] [order_service] [order_service.py.create_order] [anonymous] order_created order_id=1 order_no=20260818171802348032787250413568 user_id=1
[2026-08-18 17:18:02,625] [INFO] [-] [-] [order_service] [order_service.py.transition] [anonymous] order_transition order_id=1 event=PAY target=PAID
[2026-08-18 17:18:02,625] [INFO] [-] [-] [order_payment_callback_handler] [order_payment_callback_handler.py.handle] [anonymous] payment_success order_id=1 out_trade_no=20260818171802348032787250413568 amount=66.60
[2026-08-18 17:18:02,645] [INFO] [-] [-] [order_service] [order_service.py.create_order] [anonymous] order_created order_id=1 order_no=20260818171802348032787355271168 user_id=1
[2026-08-18 17:18:02,651] [INFO] [-] [-] [order_service] [order_service.py.transition] [anonymous] order_transition order_id=1 event=PAY target=PAID
[2026-08-18 17:18:02,651] [INFO] [-] [-] [order_payment_callback_handler] [order_payment_callback_handler.py.handle] [anonymous] payment_success order_id=1 out_trade_no=20260818171802348032787355271168 amount=20.00
[2026-08-18 17:18:02,652] [WARNING] [-] [-] [order_payment_callback_handler] [order_payment_callback_handler.py.handle] [anonymous] 支付回调流转非法已忽略 order_id=1（可能重复回调）
[2026-08-18 17:18:02,671] [INFO] [-] [-] [order_service] [order_service.py.create_order] [anonymous] order_created order_id=1 order_no=20260818171802348032787464323072 user_id=1
[2026-08-18 17:18:02,671] [INFO] [-] [-] [order_payment_callback_handler] [order_payment_callback_handler.py.handle] [anonymous] 非支付成功回调忽略 event_type=REFUND.SUCCESS out_trade_no=20260818171802348032787464323072
[2026-08-18 17:18:02,704] [WARNING] [-] [-] [settings] [settings.py._resolve_app_env] [anonymous] 未显式指定 APP_ENV，使用默认 dev（规范 §19.3 生产环境必须显式指定）
[2026-08-18 17:18:02,711] [WARNING] [-] [-] [payment_gateway_registry] [payment_gateway_registry.py._validate_capabilities] [anonymous] 支付渠道 memory 未声明 bill_parse，对账走查单兜底（降级）
[2026-08-18 17:18:02,726] [INFO] [2ce2e8460865410b8eff02e6b2fa8141] [-] [order_service] [order_service.py.create_order] [anonymous] order_created order_id=1 order_no=20260818171802348032787695009792 user_id=1
[2026-08-18 17:18:02,727] [INFO] [-] [-] [_client] [_client.py._send_single_request] [anonymous] HTTP Request: POST http://test/v1/orders "HTTP/1.1 200 OK"
[2026-08-18 17:18:02,741] [INFO] [-] [-] [_client] [_client.py._send_single_request] [anonymous] HTTP Request: POST http://test/v1/payments/orders/1/pay "HTTP/1.1 200 OK"
[2026-08-18 17:18:02,771] [WARNING] [-] [-] [settings] [settings.py._resolve_app_env] [anonymous] 未显式指定 APP_ENV，使用默认 dev（规范 §19.3 生产环境必须显式指定）
[2026-08-18 17:18:02,780] [WARNING] [-] [-] [payment_gateway_registry] [payment_gateway_registry.py._validate_capabilities] [anonymous] 支付渠道 memory 未声明 bill_parse，对账走查单兜底（降级）
[2026-08-18 17:18:02,799] [INFO] [f3c309dab0eb4bedaa7b3c21ff11b2c2] [-] [order_service] [order_service.py.create_order] [anonymous] order_created order_id=1 order_no=20260818171802348032787996999680 user_id=1
[2026-08-18 17:18:02,799] [INFO] [-] [-] [_client] [_client.py._send_single_request] [anonymous] HTTP Request: POST http://test/v1/orders "HTTP/1.1 200 OK"
[2026-08-18 17:18:02,811] [INFO] [-] [-] [_client] [_client.py._send_single_request] [anonymous] HTTP Request: POST http://test/v1/payments/orders/1/pay "HTTP/1.1 200 OK"
[2026-08-18 17:18:02,823] [INFO] [2485068ea6a64e629dd14439a2a3d464] [-] [order_service] [order_service.py.transition] [anonymous] order_transition order_id=1 event=PAY target=PAID
[2026-08-18 17:18:02,823] [INFO] [2485068ea6a64e629dd14439a2a3d464] [-] [order_payment_callback_handler] [order_payment_callback_handler.py.handle] [anonymous] payment_success order_id=1 out_trade_no=20260818171802348032787996999680 amount=77.00
[2026-08-18 17:18:02,824] [INFO] [-] [-] [_client] [_client.py._send_single_request] [anonymous] HTTP Request: POST http://test/v1/payments/notify "HTTP/1.1 200 OK"
[2026-08-18 17:18:02,855] [WARNING] [-] [-] [settings] [settings.py._resolve_app_env] [anonymous] 未显式指定 APP_ENV，使用默认 dev（规范 §19.3 生产环境必须显式指定）
[2026-08-18 17:18:02,862] [WARNING] [-] [-] [payment_gateway_registry] [payment_gateway_registry.py._validate_capabilities] [anonymous] 支付渠道 memory 未声明 bill_parse，对账走查单兜底（降级）
[2026-08-18 17:18:02,877] [INFO] [557d3db906cc4447be5bdc7ea744d01a] [-] [order_service] [order_service.py.create_order] [anonymous] order_created order_id=1 order_no=20260818171802348032788324155392 user_id=1
[2026-08-18 17:18:02,878] [INFO] [-] [-] [_client] [_client.py._send_single_request] [anonymous] HTTP Request: POST http://test/v1/orders "HTTP/1.1 200 OK"
[2026-08-18 17:18:02,888] [INFO] [-] [-] [_client] [_client.py._send_single_request] [anonymous] HTTP Request: POST http://test/v1/payments/orders/1/pay "HTTP/1.1 200 OK"
[2026-08-18 17:18:02,894] [WARNING] [68105bc9d43a4890981d5fd096e4faff] [-] [handler] [handler.py.handle_web_infra_exception] [anonymous] 业务异常 | code=E4-PAY-002 | message=回调金额 99.00 与订单金额 55.00 不符（§4.3）
[2026-08-18 17:18:02,894] [INFO] [-] [-] [_client] [_client.py._send_single_request] [anonymous] HTTP Request: POST http://test/v1/payments/notify "HTTP/1.1 422 Unprocessable Entity"
[2026-08-18 17:18:02,912] [INFO] [-] [-] [order_service] [order_service.py.create_order] [anonymous] order_created order_id=1 order_no=20260818171802348032788475150336 user_id=1
[2026-08-18 17:18:02,916] [INFO] [-] [-] [order_service] [order_service.py.transition] [anonymous] order_transition order_id=1 event=PAY target=PAID
[2026-08-18 17:18:02,922] [INFO] [-] [-] [order_service] [order_service.py.transition] [anonymous] order_transition order_id=1 event=SHIP target=SHIPPED
[2026-08-18 17:18:02,928] [INFO] [-] [-] [order_service] [order_service.py.transition] [anonymous] order_transition order_id=1 event=COMPLETE target=COMPLETED
[2026-08-18 17:18:02,945] [INFO] [-] [-] [order_service] [order_service.py.create_order] [anonymous] order_created order_id=1 order_no=20260818171802348032788613562368 user_id=1
[2026-08-18 17:18:02,949] [INFO] [-] [-] [order_service] [order_service.py.transition] [anonymous] order_transition order_id=1 event=CANCEL target=CANCELLED
[2026-08-18 17:18:02,952] [INFO] [-] [-] [order_service] [order_service.py.create_order] [anonymous] order_created order_id=2 order_no=20260818171802348032788647116800 user_id=1
[2026-08-18 17:18:02,955] [INFO] [-] [-] [order_service] [order_service.py.transition] [anonymous] order_transition order_id=2 event=PAY target=PAID
[2026-08-18 17:18:02,958] [INFO] [-] [-] [order_service] [order_service.py.transition] [anonymous] order_transition order_id=2 event=CANCEL target=CANCELLED
[2026-08-18 17:18:02,972] [INFO] [-] [-] [order_service] [order_service.py.create_order] [anonymous] order_created order_id=1 order_no=20260818171802348032788731002880 user_id=1
